Archive member included to satisfy reference by file (symbol)

c:/tt/truestudio for stm32 9.3.0/armtools/bin/../lib/gcc/arm-atollic-eabi/6.3.1/../../../../arm-atollic-eabi/lib/armv7e-m/fpu\libc_nano.a(lib_a-errno.o)
                              Src\syscalls.o (__errno)
c:/tt/truestudio for stm32 9.3.0/armtools/bin/../lib/gcc/arm-atollic-eabi/6.3.1/../../../../arm-atollic-eabi/lib/armv7e-m/fpu\libc_nano.a(lib_a-impure.o)
                              c:/tt/truestudio for stm32 9.3.0/armtools/bin/../lib/gcc/arm-atollic-eabi/6.3.1/../../../../arm-atollic-eabi/lib/armv7e-m/fpu\libc_nano.a(lib_a-errno.o) (_impure_ptr)
c:/tt/truestudio for stm32 9.3.0/armtools/bin/../lib/gcc/arm-atollic-eabi/6.3.1/../../../../arm-atollic-eabi/lib/armv7e-m/fpu\libc_nano.a(lib_a-init.o)
                              startup\startup_stm32f407xx.o (__libc_init_array)
c:/tt/truestudio for stm32 9.3.0/armtools/bin/../lib/gcc/arm-atollic-eabi/6.3.1/../../../../arm-atollic-eabi/lib/armv7e-m/fpu\libc_nano.a(lib_a-memset.o)
                              Inc\FilteringFunctions\arm_biquad_cascade_df1_32x64_init_q31.o (memset)
c:/tt/truestudio for stm32 9.3.0/armtools/bin/../lib/gcc/arm-atollic-eabi/6.3.1/../../../../arm-atollic-eabi/lib/armv7e-m/fpu\libm.a(lib_a-wf_sqrt.o)
                              Inc\ComplexMathFunctions\arm_cmplx_mag_f32.o (sqrtf)
c:/tt/truestudio for stm32 9.3.0/armtools/bin/../lib/gcc/arm-atollic-eabi/6.3.1/../../../../arm-atollic-eabi/lib/armv7e-m/fpu\libm.a(lib_a-ef_sqrt.o)
                              c:/tt/truestudio for stm32 9.3.0/armtools/bin/../lib/gcc/arm-atollic-eabi/6.3.1/../../../../arm-atollic-eabi/lib/armv7e-m/fpu\libm.a(lib_a-wf_sqrt.o) (__ieee754_sqrtf)
c:/tt/truestudio for stm32 9.3.0/armtools/bin/../lib/gcc/arm-atollic-eabi/6.3.1/../../../../arm-atollic-eabi/lib/armv7e-m/fpu\libm.a(lib_a-s_lib_ver.o)
                              c:/tt/truestudio for stm32 9.3.0/armtools/bin/../lib/gcc/arm-atollic-eabi/6.3.1/../../../../arm-atollic-eabi/lib/armv7e-m/fpu\libm.a(lib_a-wf_sqrt.o) (__fdlib_version)
c:/tt/truestudio for stm32 9.3.0/armtools/bin/../lib/gcc/arm-atollic-eabi/6.3.1/../../../../arm-atollic-eabi/lib/armv7e-m/fpu\libm.a(lib_a-s_matherr.o)
                              c:/tt/truestudio for stm32 9.3.0/armtools/bin/../lib/gcc/arm-atollic-eabi/6.3.1/../../../../arm-atollic-eabi/lib/armv7e-m/fpu\libm.a(lib_a-wf_sqrt.o) (matherr)
c:/tt/truestudio for stm32 9.3.0/armtools/bin/../lib/gcc/arm-atollic-eabi/6.3.1/armv7e-m/fpu\libgcc.a(_ashrdi3.o)
                              Inc\FilteringFunctions\arm_biquad_cascade_df1_q31.o (__aeabi_lasr)
c:/tt/truestudio for stm32 9.3.0/armtools/bin/../lib/gcc/arm-atollic-eabi/6.3.1/armv7e-m/fpu\libgcc.a(_ashldi3.o)
                              Inc\BasicMathFunctions\arm_shift_q31.o (__aeabi_llsl)
c:/tt/truestudio for stm32 9.3.0/armtools/bin/../lib/gcc/arm-atollic-eabi/6.3.1/armv7e-m/fpu\libgcc.a(_arm_addsubdf3.o)
                              Inc\MatrixFunctions\arm_mat_inverse_f64.o (__aeabi_dsub)
c:/tt/truestudio for stm32 9.3.0/armtools/bin/../lib/gcc/arm-atollic-eabi/6.3.1/armv7e-m/fpu\libgcc.a(_arm_muldivdf3.o)
                              Inc\FilteringFunctions\arm_biquad_cascade_df2T_f64.o (__aeabi_dmul)
c:/tt/truestudio for stm32 9.3.0/armtools/bin/../lib/gcc/arm-atollic-eabi/6.3.1/armv7e-m/fpu\libgcc.a(_arm_cmpdf2.o)
                              Inc\MatrixFunctions\arm_mat_inverse_f64.o (__aeabi_dcmpeq)
c:/tt/truestudio for stm32 9.3.0/armtools/bin/../lib/gcc/arm-atollic-eabi/6.3.1/armv7e-m/fpu\libgcc.a(_arm_truncdfsf2.o)
                              c:/tt/truestudio for stm32 9.3.0/armtools/bin/../lib/gcc/arm-atollic-eabi/6.3.1/../../../../arm-atollic-eabi/lib/armv7e-m/fpu\libm.a(lib_a-wf_sqrt.o) (__aeabi_d2f)
c:/tt/truestudio for stm32 9.3.0/armtools/bin/../lib/gcc/arm-atollic-eabi/6.3.1/armv7e-m/fpu\libgcc.a(_aeabi_ldivmod.o)
                              Inc\StatisticsFunctions\arm_mean_q31.o (__aeabi_ldivmod)
c:/tt/truestudio for stm32 9.3.0/armtools/bin/../lib/gcc/arm-atollic-eabi/6.3.1/armv7e-m/fpu\libgcc.a(_aeabi_uldivmod.o)
                              Drivers\STM32F4xx_HAL_Driver\Src\stm32f4xx_hal_rcc.o (__aeabi_uldivmod)
c:/tt/truestudio for stm32 9.3.0/armtools/bin/../lib/gcc/arm-atollic-eabi/6.3.1/armv7e-m/fpu\libgcc.a(_fixsfdi.o)
                              Inc\SupportFunctions\arm_float_to_q31.o (__aeabi_f2lz)
c:/tt/truestudio for stm32 9.3.0/armtools/bin/../lib/gcc/arm-atollic-eabi/6.3.1/armv7e-m/fpu\libgcc.a(_fixunssfdi.o)
                              c:/tt/truestudio for stm32 9.3.0/armtools/bin/../lib/gcc/arm-atollic-eabi/6.3.1/armv7e-m/fpu\libgcc.a(_fixsfdi.o) (__aeabi_f2ulz)
c:/tt/truestudio for stm32 9.3.0/armtools/bin/../lib/gcc/arm-atollic-eabi/6.3.1/armv7e-m/fpu\libgcc.a(_udivmoddi4.o)
                              c:/tt/truestudio for stm32 9.3.0/armtools/bin/../lib/gcc/arm-atollic-eabi/6.3.1/armv7e-m/fpu\libgcc.a(_aeabi_ldivmod.o) (__udivmoddi4)
[...]
Memory Configuration

Name             Origin             Length             Attributes
RAM              0x20000000         0x00020000         xrw
CCMRAM           0x10000000         0x00010000         rw
FLASH            0x08000000         0x00100000         xr
*default*        0x00000000         0xffffffff

Linker script and memory map

LOAD c:/tt/truestudio for stm32 9.3.0/armtools/bin/../lib/gcc/arm-atollic-eabi/6.3.1/armv7e-m/fpu/crti.o
LOAD c:/tt/truestudio for stm32 9.3.0/armtools/bin/../lib/gcc/arm-atollic-eabi/6.3.1/armv7e-m/fpu/crtbegin.o
LOAD Drivers\STM32F4xx_HAL_Driver\Src\stm32f4xx_hal.o
LOAD Drivers\STM32F4xx_HAL_Driver\Src\stm32f4xx_hal_cortex.o
LOAD Drivers\STM32F4xx_HAL_Driver\Src\stm32f4xx_hal_dma.o
LOAD Drivers\STM32F4xx_HAL_Driver\Src\stm32f4xx_hal_dma_ex.o
LOAD Drivers\STM32F4xx_HAL_Driver\Src\stm32f4xx_hal_exti.o
LOAD Drivers\STM32F4xx_HAL_Driver\Src\stm32f4xx_hal_flash.o
LOAD Drivers\STM32F4xx_HAL_Driver\Src\stm32f4xx_hal_flash_ex.o
LOAD Drivers\STM32F4xx_HAL_Driver\Src\stm32f4xx_hal_flash_ramfunc.o
LOAD Drivers\STM32F4xx_HAL_Driver\Src\stm32f4xx_hal_gpio.o
LOAD Drivers\STM32F4xx_HAL_Driver\Src\stm32f4xx_hal_pwr.o
LOAD Drivers\STM32F4xx_HAL_Driver\Src\stm32f4xx_hal_pwr_ex.o
LOAD Drivers\STM32F4xx_HAL_Driver\Src\stm32f4xx_hal_rcc.o
LOAD Drivers\STM32F4xx_HAL_Driver\Src\stm32f4xx_hal_rcc_ex.o
LOAD Drivers\STM32F4xx_HAL_Driver\Src\stm32f4xx_hal_tim.o
LOAD Drivers\STM32F4xx_HAL_Driver\Src\stm32f4xx_hal_tim_ex.o
LOAD Inc\BasicMathFunctions\arm_abs_f32.o
LOAD Inc\BasicMathFunctions\arm_abs_q15.o
LOAD Inc\BasicMathFunctions\arm_abs_q31.o
LOAD Inc\BasicMathFunctions\arm_abs_q7.o
LOAD Inc\BasicMathFunctions\arm_add_f32.o
LOAD Inc\BasicMathFunctions\arm_add_q15.o
LOAD Inc\BasicMathFunctions\arm_add_q31.o
LOAD Inc\BasicMathFunctions\arm_add_q7.o
LOAD Inc\BasicMathFunctions\arm_dot_prod_f32.o
LOAD Inc\BasicMathFunctions\arm_dot_prod_q15.o
LOAD Inc\BasicMathFunctions\arm_dot_prod_q31.o
LOAD Inc\BasicMathFunctions\arm_dot_prod_q7.o
LOAD Inc\BasicMathFunctions\arm_mult_f32.o
LOAD Inc\BasicMathFunctions\arm_mult_q15.o
LOAD Inc\BasicMathFunctions\arm_mult_q31.o
LOAD Inc\BasicMathFunctions\arm_mult_q7.o
LOAD Inc\BasicMathFunctions\arm_negate_f32.o
LOAD Inc\BasicMathFunctions\arm_negate_q15.o
LOAD Inc\BasicMathFunctions\arm_negate_q31.o
LOAD Inc\BasicMathFunctions\arm_negate_q7.o
LOAD Inc\BasicMathFunctions\arm_offset_f32.o
LOAD Inc\BasicMathFunctions\arm_offset_q15.o
LOAD Inc\BasicMathFunctions\arm_offset_q31.o
LOAD Inc\BasicMathFunctions\arm_offset_q7.o
LOAD Inc\BasicMathFunctions\arm_scale_f32.o
LOAD Inc\BasicMathFunctions\arm_scale_q15.o
LOAD Inc\BasicMathFunctions\arm_scale_q31.o
LOAD Inc\BasicMathFunctions\arm_scale_q7.o
LOAD Inc\BasicMathFunctions\arm_shift_q15.o
LOAD Inc\BasicMathFunctions\arm_shift_q31.o
LOAD Inc\BasicMathFunctions\arm_shift_q7.o
LOAD Inc\BasicMathFunctions\arm_sub_f32.o
LOAD Inc\BasicMathFunctions\arm_sub_q15.o
LOAD Inc\BasicMathFunctions\arm_sub_q31.o
LOAD Inc\BasicMathFunctions\arm_sub_q7.o
LOAD Inc\CommonTables\arm_common_tables.o
LOAD Inc\CommonTables\arm_const_structs.o
LOAD Inc\ComplexMathFunctions\arm_cmplx_conj_f32.o
LOAD Inc\ComplexMathFunctions\arm_cmplx_conj_q15.o
LOAD Inc\ComplexMathFunctions\arm_cmplx_conj_q31.o
LOAD Inc\ComplexMathFunctions\arm_cmplx_dot_prod_f32.o
LOAD Inc\ComplexMathFunctions\arm_cmplx_dot_prod_q15.o
LOAD Inc\ComplexMathFunctions\arm_cmplx_dot_prod_q31.o
LOAD Inc\ComplexMathFunctions\arm_cmplx_mag_f32.o
LOAD Inc\ComplexMathFunctions\arm_cmplx_mag_q15.o
LOAD Inc\ComplexMathFunctions\arm_cmplx_mag_q31.o
LOAD Inc\ComplexMathFunctions\arm_cmplx_mag_squared_f32.o
LOAD Inc\ComplexMathFunctions\arm_cmplx_mag_squared_q15.o
LOAD Inc\ComplexMathFunctions\arm_cmplx_mag_squared_q31.o
LOAD Inc\ComplexMathFunctions\arm_cmplx_mult_cmplx_f32.o
LOAD Inc\ComplexMathFunctions\arm_cmplx_mult_cmplx_q15.o
LOAD Inc\ComplexMathFunctions\arm_cmplx_mult_cmplx_q31.o
LOAD Inc\ComplexMathFunctions\arm_cmplx_mult_real_f32.o
LOAD Inc\ComplexMathFunctions\arm_cmplx_mult_real_q15.o
LOAD Inc\ComplexMathFunctions\arm_cmplx_mult_real_q31.o
LOAD Inc\ControllerFunctions\arm_pid_init_f32.o
LOAD Inc\ControllerFunctions\arm_pid_init_q15.o
LOAD Inc\ControllerFunctions\arm_pid_init_q31.o
LOAD Inc\ControllerFunctions\arm_pid_reset_f32.o
LOAD Inc\ControllerFunctions\arm_pid_reset_q15.o
LOAD Inc\ControllerFunctions\arm_pid_reset_q31.o
LOAD Inc\ControllerFunctions\arm_sin_cos_f32.o
LOAD Inc\ControllerFunctions\arm_sin_cos_q31.o
LOAD Inc\FastMathFunctions\arm_cos_f32.o
LOAD Inc\FastMathFunctions\arm_cos_q15.o
LOAD Inc\FastMathFunctions\arm_cos_q31.o
LOAD Inc\FastMathFunctions\arm_sin_f32.o
LOAD Inc\FastMathFunctions\arm_sin_q15.o
LOAD Inc\FastMathFunctions\arm_sin_q31.o
LOAD Inc\FastMathFunctions\arm_sqrt_q15.o
LOAD Inc\FastMathFunctions\arm_sqrt_q31.o
LOAD Inc\FilteringFunctions\arm_biquad_cascade_df1_32x64_init_q31.o
LOAD Inc\FilteringFunctions\arm_biquad_cascade_df1_32x64_q31.o
LOAD Inc\FilteringFunctions\arm_biquad_cascade_df1_f32.o
LOAD Inc\FilteringFunctions\arm_biquad_cascade_df1_fast_q15.o
LOAD Inc\FilteringFunctions\arm_biquad_cascade_df1_fast_q31.o
LOAD Inc\FilteringFunctions\arm_biquad_cascade_df1_init_f32.o
LOAD Inc\FilteringFunctions\arm_biquad_cascade_df1_init_q15.o
LOAD Inc\FilteringFunctions\arm_biquad_cascade_df1_init_q31.o
LOAD Inc\FilteringFunctions\arm_biquad_cascade_df1_q15.o
LOAD Inc\FilteringFunctions\arm_biquad_cascade_df1_q31.o
LOAD Inc\FilteringFunctions\arm_biquad_cascade_df2T_f32.o
LOAD Inc\FilteringFunctions\arm_biquad_cascade_df2T_f64.o
LOAD Inc\FilteringFunctions\arm_biquad_cascade_df2T_init_f32.o
LOAD Inc\FilteringFunctions\arm_biquad_cascade_df2T_init_f64.o
LOAD Inc\FilteringFunctions\arm_biquad_cascade_stereo_df2T_f32.o
LOAD Inc\FilteringFunctions\arm_biquad_cascade_stereo_df2T_init_f32.o
LOAD Inc\FilteringFunctions\arm_conv_f32.o
LOAD Inc\FilteringFunctions\arm_conv_fast_opt_q15.o
LOAD Inc\FilteringFunctions\arm_conv_fast_q15.o
LOAD Inc\FilteringFunctions\arm_conv_fast_q31.o
LOAD Inc\FilteringFunctions\arm_conv_opt_q15.o
LOAD Inc\FilteringFunctions\arm_conv_opt_q7.o
LOAD Inc\FilteringFunctions\arm_conv_partial_f32.o
LOAD Inc\FilteringFunctions\arm_conv_partial_fast_opt_q15.o
LOAD Inc\FilteringFunctions\arm_conv_partial_fast_q15.o
LOAD Inc\FilteringFunctions\arm_conv_partial_fast_q31.o
LOAD Inc\FilteringFunctions\arm_conv_partial_opt_q15.o
LOAD Inc\FilteringFunctions\arm_conv_partial_opt_q7.o
LOAD Inc\FilteringFunctions\arm_conv_partial_q15.o
LOAD Inc\FilteringFunctions\arm_conv_partial_q31.o
LOAD Inc\FilteringFunctions\arm_conv_partial_q7.o
LOAD Inc\FilteringFunctions\arm_conv_q15.o
LOAD Inc\FilteringFunctions\arm_conv_q31.o
LOAD Inc\FilteringFunctions\arm_conv_q7.o
LOAD Inc\FilteringFunctions\arm_correlate_f32.o
LOAD Inc\FilteringFunctions\arm_correlate_fast_opt_q15.o
LOAD Inc\FilteringFunctions\arm_correlate_fast_q15.o
LOAD Inc\FilteringFunctions\arm_correlate_fast_q31.o
LOAD Inc\FilteringFunctions\arm_correlate_opt_q15.o
LOAD Inc\FilteringFunctions\arm_correlate_opt_q7.o
LOAD Inc\FilteringFunctions\arm_correlate_q15.o
LOAD Inc\FilteringFunctions\arm_correlate_q31.o
LOAD Inc\FilteringFunctions\arm_correlate_q7.o
LOAD Inc\FilteringFunctions\arm_fir_decimate_f32.o
LOAD Inc\FilteringFunctions\arm_fir_decimate_fast_q15.o
LOAD Inc\FilteringFunctions\arm_fir_decimate_fast_q31.o
LOAD Inc\FilteringFunctions\arm_fir_decimate_init_f32.o
LOAD Inc\FilteringFunctions\arm_fir_decimate_init_q15.o
LOAD Inc\FilteringFunctions\arm_fir_decimate_init_q31.o
LOAD Inc\FilteringFunctions\arm_fir_decimate_q15.o
LOAD Inc\FilteringFunctions\arm_fir_decimate_q31.o
LOAD Inc\FilteringFunctions\arm_fir_f32.o
LOAD Inc\FilteringFunctions\arm_fir_fast_q15.o
LOAD Inc\FilteringFunctions\arm_fir_fast_q31.o
LOAD Inc\FilteringFunctions\arm_fir_init_f32.o
LOAD Inc\FilteringFunctions\arm_fir_init_q15.o
LOAD Inc\FilteringFunctions\arm_fir_init_q31.o
LOAD Inc\FilteringFunctions\arm_fir_init_q7.o
LOAD Inc\FilteringFunctions\arm_fir_interpolate_f32.o
LOAD Inc\FilteringFunctions\arm_fir_interpolate_init_f32.o
LOAD Inc\FilteringFunctions\arm_fir_interpolate_init_q15.o
LOAD Inc\FilteringFunctions\arm_fir_interpolate_init_q31.o
LOAD Inc\FilteringFunctions\arm_fir_interpolate_q15.o
LOAD Inc\FilteringFunctions\arm_fir_interpolate_q31.o
LOAD Inc\FilteringFunctions\arm_fir_lattice_f32.o
LOAD Inc\FilteringFunctions\arm_fir_lattice_init_f32.o
LOAD Inc\FilteringFunctions\arm_fir_lattice_init_q15.o
LOAD Inc\FilteringFunctions\arm_fir_lattice_init_q31.o
LOAD Inc\FilteringFunctions\arm_fir_lattice_q15.o
LOAD Inc\FilteringFunctions\arm_fir_lattice_q31.o
LOAD Inc\FilteringFunctions\arm_fir_q15.o
LOAD Inc\FilteringFunctions\arm_fir_q31.o
LOAD Inc\FilteringFunctions\arm_fir_q7.o
LOAD Inc\FilteringFunctions\arm_fir_sparse_f32.o
LOAD Inc\FilteringFunctions\arm_fir_sparse_init_f32.o
LOAD Inc\FilteringFunctions\arm_fir_sparse_init_q15.o
LOAD Inc\FilteringFunctions\arm_fir_sparse_init_q31.o
LOAD Inc\FilteringFunctions\arm_fir_sparse_init_q7.o
LOAD Inc\FilteringFunctions\arm_fir_sparse_q15.o
LOAD Inc\FilteringFunctions\arm_fir_sparse_q31.o
LOAD Inc\FilteringFunctions\arm_fir_sparse_q7.o
LOAD Inc\FilteringFunctions\arm_iir_lattice_f32.o
LOAD Inc\FilteringFunctions\arm_iir_lattice_init_f32.o
LOAD Inc\FilteringFunctions\arm_iir_lattice_init_q15.o
LOAD Inc\FilteringFunctions\arm_iir_lattice_init_q31.o
LOAD Inc\FilteringFunctions\arm_iir_lattice_q15.o
LOAD Inc\FilteringFunctions\arm_iir_lattice_q31.o
LOAD Inc\FilteringFunctions\arm_lms_f32.o
LOAD Inc\FilteringFunctions\arm_lms_init_f32.o
LOAD Inc\FilteringFunctions\arm_lms_init_q15.o
LOAD Inc\FilteringFunctions\arm_lms_init_q31.o
LOAD Inc\FilteringFunctions\arm_lms_norm_f32.o
LOAD Inc\FilteringFunctions\arm_lms_norm_init_f32.o
LOAD Inc\FilteringFunctions\arm_lms_norm_init_q15.o
LOAD Inc\FilteringFunctions\arm_lms_norm_init_q31.o
LOAD Inc\FilteringFunctions\arm_lms_norm_q15.o
LOAD Inc\FilteringFunctions\arm_lms_norm_q31.o
LOAD Inc\FilteringFunctions\arm_lms_q15.o
LOAD Inc\FilteringFunctions\arm_lms_q31.o
LOAD Inc\MatrixFunctions\arm_mat_add_f32.o
LOAD Inc\MatrixFunctions\arm_mat_add_q15.o
LOAD Inc\MatrixFunctions\arm_mat_add_q31.o
LOAD Inc\MatrixFunctions\arm_mat_cmplx_mult_f32.o
LOAD Inc\MatrixFunctions\arm_mat_cmplx_mult_q15.o
LOAD Inc\MatrixFunctions\arm_mat_cmplx_mult_q31.o
LOAD Inc\MatrixFunctions\arm_mat_init_f32.o
LOAD Inc\MatrixFunctions\arm_mat_init_q15.o
LOAD Inc\MatrixFunctions\arm_mat_init_q31.o
LOAD Inc\MatrixFunctions\arm_mat_inverse_f32.o
LOAD Inc\MatrixFunctions\arm_mat_inverse_f64.o
LOAD Inc\MatrixFunctions\arm_mat_mult_f32.o
LOAD Inc\MatrixFunctions\arm_mat_mult_fast_q15.o
LOAD Inc\MatrixFunctions\arm_mat_mult_fast_q31.o
LOAD Inc\MatrixFunctions\arm_mat_mult_q15.o
LOAD Inc\MatrixFunctions\arm_mat_mult_q31.o
LOAD Inc\MatrixFunctions\arm_mat_scale_f32.o
LOAD Inc\MatrixFunctions\arm_mat_scale_q15.o
LOAD Inc\MatrixFunctions\arm_mat_scale_q31.o
LOAD Inc\MatrixFunctions\arm_mat_sub_f32.o
LOAD Inc\MatrixFunctions\arm_mat_sub_q15.o
LOAD Inc\MatrixFunctions\arm_mat_sub_q31.o
LOAD Inc\MatrixFunctions\arm_mat_trans_f32.o
LOAD Inc\MatrixFunctions\arm_mat_trans_q15.o
LOAD Inc\MatrixFunctions\arm_mat_trans_q31.o
LOAD Inc\StatisticsFunctions\arm_max_f32.o
LOAD Inc\StatisticsFunctions\arm_max_q15.o
LOAD Inc\StatisticsFunctions\arm_max_q31.o
LOAD Inc\StatisticsFunctions\arm_max_q7.o
LOAD Inc\StatisticsFunctions\arm_mean_f32.o
LOAD Inc\StatisticsFunctions\arm_mean_q15.o
LOAD Inc\StatisticsFunctions\arm_mean_q31.o
LOAD Inc\StatisticsFunctions\arm_mean_q7.o
LOAD Inc\StatisticsFunctions\arm_min_f32.o
LOAD Inc\StatisticsFunctions\arm_min_q15.o
LOAD Inc\StatisticsFunctions\arm_min_q31.o
LOAD Inc\StatisticsFunctions\arm_min_q7.o
LOAD Inc\StatisticsFunctions\arm_power_f32.o
LOAD Inc\StatisticsFunctions\arm_power_q15.o
LOAD Inc\StatisticsFunctions\arm_power_q31.o
LOAD Inc\StatisticsFunctions\arm_power_q7.o
LOAD Inc\StatisticsFunctions\arm_rms_f32.o
LOAD Inc\StatisticsFunctions\arm_rms_q15.o
LOAD Inc\StatisticsFunctions\arm_rms_q31.o
LOAD Inc\StatisticsFunctions\arm_std_f32.o
LOAD Inc\StatisticsFunctions\arm_std_q15.o
LOAD Inc\StatisticsFunctions\arm_std_q31.o
LOAD Inc\StatisticsFunctions\arm_var_f32.o
LOAD Inc\StatisticsFunctions\arm_var_q15.o
LOAD Inc\StatisticsFunctions\arm_var_q31.o
LOAD Inc\SupportFunctions\arm_copy_f32.o
LOAD Inc\SupportFunctions\arm_copy_q15.o
LOAD Inc\SupportFunctions\arm_copy_q31.o
LOAD Inc\SupportFunctions\arm_copy_q7.o
LOAD Inc\SupportFunctions\arm_fill_f32.o
LOAD Inc\SupportFunctions\arm_fill_q15.o
LOAD Inc\SupportFunctions\arm_fill_q31.o
LOAD Inc\SupportFunctions\arm_fill_q7.o
LOAD Inc\SupportFunctions\arm_float_to_q15.o
LOAD Inc\SupportFunctions\arm_float_to_q31.o
LOAD Inc\SupportFunctions\arm_float_to_q7.o
LOAD Inc\SupportFunctions\arm_q15_to_float.o
LOAD Inc\SupportFunctions\arm_q15_to_q31.o
LOAD Inc\SupportFunctions\arm_q15_to_q7.o
LOAD Inc\SupportFunctions\arm_q31_to_float.o
LOAD Inc\SupportFunctions\arm_q31_to_q15.o
LOAD Inc\SupportFunctions\arm_q31_to_q7.o
LOAD Inc\SupportFunctions\arm_q7_to_float.o
LOAD Inc\SupportFunctions\arm_q7_to_q15.o
LOAD Inc\SupportFunctions\arm_q7_to_q31.o
LOAD Inc\TransformFunctions\arm_bitreversal.o
LOAD Inc\TransformFunctions\arm_bitreversal2.o
LOAD Inc\TransformFunctions\arm_cfft_f32.o
LOAD Inc\TransformFunctions\arm_cfft_q15.o
LOAD Inc\TransformFunctions\arm_cfft_q31.o
LOAD Inc\TransformFunctions\arm_cfft_radix2_f32.o
LOAD Inc\TransformFunctions\arm_cfft_radix2_init_f32.o
LOAD Inc\TransformFunctions\arm_cfft_radix2_init_q15.o
LOAD Inc\TransformFunctions\arm_cfft_radix2_init_q31.o
LOAD Inc\TransformFunctions\arm_cfft_radix2_q15.o
LOAD Inc\TransformFunctions\arm_cfft_radix2_q31.o
LOAD Inc\TransformFunctions\arm_cfft_radix4_f32.o
LOAD Inc\TransformFunctions\arm_cfft_radix4_init_f32.o
LOAD Inc\TransformFunctions\arm_cfft_radix4_init_q15.o
LOAD Inc\TransformFunctions\arm_cfft_radix4_init_q31.o
LOAD Inc\TransformFunctions\arm_cfft_radix4_q15.o
LOAD Inc\TransformFunctions\arm_cfft_radix4_q31.o
LOAD Inc\TransformFunctions\arm_cfft_radix8_f32.o
LOAD Inc\TransformFunctions\arm_dct4_f32.o
LOAD Inc\TransformFunctions\arm_dct4_init_f32.o
LOAD Inc\TransformFunctions\arm_dct4_init_q15.o
LOAD Inc\TransformFunctions\arm_dct4_init_q31.o
LOAD Inc\TransformFunctions\arm_dct4_q15.o
LOAD Inc\TransformFunctions\arm_dct4_q31.o
LOAD Inc\TransformFunctions\arm_rfft_f32.o
LOAD Inc\TransformFunctions\arm_rfft_fast_f32.o
LOAD Inc\TransformFunctions\arm_rfft_fast_init_f32.o
LOAD Inc\TransformFunctions\arm_rfft_init_f32.o
LOAD Inc\TransformFunctions\arm_rfft_init_q15.o
LOAD Inc\TransformFunctions\arm_rfft_init_q31.o
LOAD Inc\TransformFunctions\arm_rfft_q15.o
LOAD Inc\TransformFunctions\arm_rfft_q31.o
LOAD Src\arm_fft_bin_data.o
LOAD Src\main.o
LOAD Src\stm32f4xx_hal_msp.o
LOAD Src\stm32f4xx_it.o
LOAD Src\syscalls.o
LOAD Src\system_stm32f4xx.o
LOAD startup\startup_stm32f407xx.o
                0x00000080                malloc_getpagesize_P = 0x80
START GROUP
LOAD c:/tt/truestudio for stm32 9.3.0/armtools/bin/../lib/gcc/arm-atollic-eabi/6.3.1/../../../../arm-atollic-eabi/lib/armv7e-m/fpu\libc_nano.a
LOAD c:/tt/truestudio for stm32 9.3.0/armtools/bin/../lib/gcc/arm-atollic-eabi/6.3.1/../../../../arm-atollic-eabi/lib/armv7e-m/fpu\libm.a
END GROUP
START GROUP
LOAD c:/tt/truestudio for stm32 9.3.0/armtools/bin/../lib/gcc/arm-atollic-eabi/6.3.1/armv7e-m/fpu\libgcc.a
LOAD c:/tt/truestudio for stm32 9.3.0/armtools/bin/../lib/gcc/arm-atollic-eabi/6.3.1/../../../../arm-atollic-eabi/lib/armv7e-m/fpu\libc_nano.a
END GROUP
START GROUP
LOAD c:/tt/truestudio for stm32 9.3.0/armtools/bin/../lib/gcc/arm-atollic-eabi/6.3.1/armv7e-m/fpu\libgcc.a
LOAD c:/tt/truestudio for stm32 9.3.0/armtools/bin/../lib/gcc/arm-atollic-eabi/6.3.1/../../../../arm-atollic-eabi/lib/armv7e-m/fpu\libc_nano.a
LOAD c:/tt/truestudio for stm32 9.3.0/armtools/bin/../lib/gcc/arm-atollic-eabi/6.3.1/../../../../arm-atollic-eabi/lib/armv7e-m/fpu\libnosys.a
END GROUP
START GROUP
LOAD c:/tt/truestudio for stm32 9.3.0/armtools/bin/../lib/gcc/arm-atollic-eabi/6.3.1/armv7e-m/fpu\libgcc.a
LOAD c:/tt/truestudio for stm32 9.3.0/armtools/bin/../lib/gcc/arm-atollic-eabi/6.3.1/../../../../arm-atollic-eabi/lib/armv7e-m/fpu\libc_nano.a
LOAD c:/tt/truestudio for stm32 9.3.0/armtools/bin/../lib/gcc/arm-atollic-eabi/6.3.1/../../../../arm-atollic-eabi/lib/armv7e-m/fpu\libnosys.a
END GROUP
LOAD c:/tt/truestudio for stm32 9.3.0/armtools/bin/../lib/gcc/arm-atollic-eabi/6.3.1/armv7e-m/fpu/crtend.o
LOAD c:/tt/truestudio for stm32 9.3.0/armtools/bin/../lib/gcc/arm-atollic-eabi/6.3.1/armv7e-m/fpu/crtn.o
                0x20020000                _estack = 0x20020000
                0x00000200                _Min_Heap_Size = 0x200
                0x00000400                _Min_Stack_Size = 0x400

.isr_vector     0x08000000      0x188
                0x08000000                . = ALIGN (0x4)
 *(.isr_vector)
 .isr_vector    0x08000000      0x188 startup\startup_stm32f407xx.o
                0x08000000                g_pfnVectors
                0x08000188                . = ALIGN (0x4)

.text           0x08000188     0x2394
                0x08000188                . = ALIGN (0x4)
 *(.text)
 .text          0x08000188       0x40 c:/tt/truestudio for stm32 9.3.0/armtools/bin/../lib/gcc/arm-atollic-eabi/6.3.1/armv7e-m/fpu/crtbegin.o
 .text          0x080001c8       0xc0 Inc\TransformFunctions\arm_bitreversal2.o
                0x080001c8                arm_bitreversal_32
                0x08000232                arm_bitreversal_16
 .text          0x08000288      0x370 c:/tt/truestudio for stm32 9.3.0/armtools/bin/../lib/gcc/arm-atollic-eabi/6.3.1/armv7e-m/fpu\libgcc.a(_arm_addsubdf3.o)
                0x08000288                __aeabi_drsub
                0x08000290                __aeabi_dsub
                0x08000290                __subdf3
                0x08000294                __aeabi_dadd
                0x08000294                __adddf3
                0x0800050c                __floatunsidf
                0x0800050c                __aeabi_ui2d
                0x0800052c                __floatsidf
                0x0800052c                __aeabi_i2d
                0x08000550                __aeabi_f2d
                0x08000550                __extendsfdf2
                0x0800058c                __floatundidf
                0x0800058c                __aeabi_ul2d
                0x0800059c                __floatdidf
                0x0800059c                __aeabi_l2d
 .text          0x080005f8      0x424 c:/tt/truestudio for stm32 9.3.0/armtools/bin/../lib/gcc/arm-atollic-eabi/6.3.1/armv7e-m/fpu\libgcc.a(_arm_muldivdf3.o)
                0x080005f8                __aeabi_dmul
                0x080005f8                __muldf3
                0x0800084c                __divdf3
                0x0800084c                __aeabi_ddiv
 .text          0x08000a1c       0xa0 c:/tt/truestudio for stm32 9.3.0/armtools/bin/../lib/gcc/arm-atollic-eabi/6.3.1/armv7e-m/fpu\libgcc.a(_arm_truncdfsf2.o)
                0x08000a1c                __truncdfsf2
                0x08000a1c                __aeabi_d2f
 .text          0x08000abc       0x30 c:/tt/truestudio for stm32 9.3.0/armtools/bin/../lib/gcc/arm-atollic-eabi/6.3.1/armv7e-m/fpu\libgcc.a(_aeabi_uldivmod.o)
                0x08000abc                __aeabi_uldivmod
 .text          0x08000aec      0x2dc c:/tt/truestudio for stm32 9.3.0/armtools/bin/../lib/gcc/arm-atollic-eabi/6.3.1/armv7e-m/fpu\libgcc.a(_udivmoddi4.o)
                0x08000aec                __udivmoddi4
 .text          0x08000dc8        0x4 c:/tt/truestudio for stm32 9.3.0/armtools/bin/../lib/gcc/arm-atollic-eabi/6.3.1/armv7e-m/fpu\libgcc.a(_dvmd_tls.o)
                0x08000dc8                __aeabi_idiv0
                0x08000dc8                __aeabi_ldiv0
 *(.text*)
 .text.HAL_InitTick
                0x08000dcc       0x48 Drivers\STM32F4xx_HAL_Driver\Src\stm32f4xx_hal.o
                0x08000dcc                HAL_InitTick
 .text.HAL_Init
                0x08000e14       0x34 Drivers\STM32F4xx_HAL_Driver\Src\stm32f4xx_hal.o
                0x08000e14                HAL_Init
 .text.HAL_IncTick
                0x08000e48       0x18 Drivers\STM32F4xx_HAL_Driver\Src\stm32f4xx_hal.o
                0x08000e48                HAL_IncTick
 .text.HAL_GetTick
                0x08000e60        0xc Drivers\STM32F4xx_HAL_Driver\Src\stm32f4xx_hal.o
                0x08000e60                HAL_GetTick
 .text.HAL_NVIC_SetPriorityGrouping
                0x08000e6c       0x24 Drivers\STM32F4xx_HAL_Driver\Src\stm32f4xx_hal_cortex.o
                0x08000e6c                HAL_NVIC_SetPriorityGrouping
 .text.HAL_NVIC_SetPriority
                0x08000e90       0x68 Drivers\STM32F4xx_HAL_Driver\Src\stm32f4xx_hal_cortex.o
                0x08000e90                HAL_NVIC_SetPriority
 .text.HAL_SYSTICK_Config
                0x08000ef8       0x2c Drivers\STM32F4xx_HAL_Driver\Src\stm32f4xx_hal_cortex.o
                0x08000ef8                HAL_SYSTICK_Config
 .text.HAL_RCC_OscConfig
                0x08000f24      0x304 Drivers\STM32F4xx_HAL_Driver\Src\stm32f4xx_hal_rcc.o
                0x08000f24                HAL_RCC_OscConfig
 .text.HAL_RCC_GetSysClockFreq
                0x08001228       0x5c Drivers\STM32F4xx_HAL_Driver\Src\stm32f4xx_hal_rcc.o
                0x08001228                HAL_RCC_GetSysClockFreq
 .text.HAL_RCC_ClockConfig
                0x08001284      0x134 Drivers\STM32F4xx_HAL_Driver\Src\stm32f4xx_hal_rcc.o
                0x08001284                HAL_RCC_ClockConfig
 .text.arm_sqrt_f32
                0x080013b8       0x24 Inc\ComplexMathFunctions\arm_cmplx_mag_f32.o
 .text.arm_cmplx_mag_f32
                0x080013dc       0xbc Inc\ComplexMathFunctions\arm_cmplx_mag_f32.o
                0x080013dc                arm_cmplx_mag_f32
 .text.arm_max_f32
                0x08001498       0xb2 Inc\StatisticsFunctions\arm_max_f32.o
                0x08001498                arm_max_f32
 .text.arm_cfft_radix8by2_f32
                0x0800154a      0x176 Inc\TransformFunctions\arm_cfft_f32.o
                0x0800154a                arm_cfft_radix8by2_f32
 .text.arm_cfft_radix8by4_f32
                0x080016c0      0x45a Inc\TransformFunctions\arm_cfft_f32.o
                0x080016c0                arm_cfft_radix8by4_f32
 .text.arm_cfft_f32
                0x08001b1a       0xd2 Inc\TransformFunctions\arm_cfft_f32.o
                0x08001b1a                arm_cfft_f32
 .text.arm_radix8_butterfly_f32
                0x08001bec      0x59c Inc\TransformFunctions\arm_cfft_radix8_f32.o
                0x08001bec                arm_radix8_butterfly_f32
 .text.SystemClock_Config
                0x08002188       0x94 Src\main.o
                0x08002188                SystemClock_Config
 .text.startup.main
                0x0800221c       0x64 Src\main.o
                0x0800221c                main
 .text.HAL_MspInit
                0x08002280       0x38 Src\stm32f4xx_hal_msp.o
                0x08002280                HAL_MspInit
 .text.NMI_Handler
                0x080022b8        0x2 Src\stm32f4xx_it.o
                0x080022b8                NMI_Handler
 .text.HardFault_Handler
                0x080022ba        0x2 Src\stm32f4xx_it.o
                0x080022ba                HardFault_Handler
 .text.MemManage_Handler
                0x080022bc        0x2 Src\stm32f4xx_it.o
                0x080022bc                MemManage_Handler
 .text.BusFault_Handler
                0x080022be        0x2 Src\stm32f4xx_it.o
                0x080022be                BusFault_Handler
 .text.UsageFault_Handler
                0x080022c0        0x2 Src\stm32f4xx_it.o
                0x080022c0                UsageFault_Handler
 .text.SVC_Handler
                0x080022c2        0x2 Src\stm32f4xx_it.o
                0x080022c2                SVC_Handler
 .text.DebugMon_Handler
                0x080022c4        0x2 Src\stm32f4xx_it.o
                0x080022c4                DebugMon_Handler
 .text.PendSV_Handler
                0x080022c6        0x2 Src\stm32f4xx_it.o
                0x080022c6                PendSV_Handler
 .text.SysTick_Handler
                0x080022c8        0x4 Src\stm32f4xx_it.o
                0x080022c8                SysTick_Handler
 .text.SystemInit
                0x080022cc       0x4c Src\system_stm32f4xx.o
                0x080022cc                SystemInit
 .text.Reset_Handler
                0x08002318       0x50 startup\startup_stm32f407xx.o
                0x08002318                Reset_Handler
 .text.Default_Handler
                0x08002368        0x2 startup\startup_stm32f407xx.o
                0x08002368                RTC_Alarm_IRQHandler
                0x08002368                HASH_RNG_IRQHandler
                0x08002368                EXTI2_IRQHandler
                0x08002368                TIM8_CC_IRQHandler
                0x08002368                TIM1_CC_IRQHandler
                0x08002368                DMA2_Stream5_IRQHandler
                0x08002368                DMA1_Stream5_IRQHandler
                0x08002368                PVD_IRQHandler
                0x08002368                SDIO_IRQHandler
                0x08002368                TAMP_STAMP_IRQHandler
                0x08002368                CAN2_RX1_IRQHandler
                0x08002368                EXTI3_IRQHandler
                0x08002368                TIM8_TRG_COM_TIM14_IRQHandler
                0x08002368                TIM1_UP_TIM10_IRQHandler
                0x08002368                TIM8_UP_TIM13_IRQHandler
                0x08002368                I2C3_ER_IRQHandler
                0x08002368                EXTI0_IRQHandler
                0x08002368                I2C2_EV_IRQHandler
                0x08002368                DMA1_Stream2_IRQHandler
                0x08002368                CAN1_RX0_IRQHandler
                0x08002368                FPU_IRQHandler
                0x08002368                OTG_HS_WKUP_IRQHandler
                0x08002368                CAN2_SCE_IRQHandler
                0x08002368                DMA2_Stream2_IRQHandler
                0x08002368                SPI1_IRQHandler
                0x08002368                TIM6_DAC_IRQHandler
                0x08002368                TIM1_BRK_TIM9_IRQHandler
                0x08002368                DCMI_IRQHandler
                0x08002368                CAN2_RX0_IRQHandler
                0x08002368                DMA2_Stream3_IRQHandler
                0x08002368                USART6_IRQHandler
                0x08002368                USART3_IRQHandler
                0x08002368                CAN1_RX1_IRQHandler
                0x08002368                UART5_IRQHandler
                0x08002368                DMA2_Stream0_IRQHandler
                0x08002368                TIM4_IRQHandler
                0x08002368                I2C1_EV_IRQHandler
                0x08002368                DMA1_Stream6_IRQHandler
                0x08002368                DMA1_Stream1_IRQHandler
                0x08002368                UART4_IRQHandler
                0x08002368                TIM3_IRQHandler
                0x08002368                RCC_IRQHandler
                0x08002368                TIM8_BRK_TIM12_IRQHandler
                0x08002368                Default_Handler
                0x08002368                EXTI15_10_IRQHandler
                0x08002368                ADC_IRQHandler
                0x08002368                DMA1_Stream7_IRQHandler
                0x08002368                TIM7_IRQHandler
                0x08002368                CAN2_TX_IRQHandler
                0x08002368                TIM5_IRQHandler
                0x08002368                DMA2_Stream7_IRQHandler
                0x08002368                I2C3_EV_IRQHandler
                0x08002368                EXTI9_5_IRQHandler
                0x08002368                RTC_WKUP_IRQHandler
                0x08002368                ETH_WKUP_IRQHandler
                0x08002368                SPI2_IRQHandler
                0x08002368                OTG_HS_EP1_IN_IRQHandler
                0x08002368                DMA1_Stream0_IRQHandler
                0x08002368                CAN1_TX_IRQHandler
                0x08002368                EXTI4_IRQHandler
                0x08002368                FSMC_IRQHandler
                0x08002368                ETH_IRQHandler
                0x08002368                OTG_HS_EP1_OUT_IRQHandler
                0x08002368                WWDG_IRQHandler
                0x08002368                TIM2_IRQHandler
                0x08002368                OTG_FS_WKUP_IRQHandler
                0x08002368                TIM1_TRG_COM_TIM11_IRQHandler
                0x08002368                OTG_HS_IRQHandler
                0x08002368                EXTI1_IRQHandler
                0x08002368                USART2_IRQHandler
                0x08002368                I2C2_ER_IRQHandler
                0x08002368                DMA2_Stream1_IRQHandler
                0x08002368                CAN1_SCE_IRQHandler
                0x08002368                FLASH_IRQHandler
                0x08002368                DMA2_Stream4_IRQHandler
                0x08002368                USART1_IRQHandler
                0x08002368                OTG_FS_IRQHandler
                0x08002368                SPI3_IRQHandler
                0x08002368                DMA1_Stream4_IRQHandler
                0x08002368                I2C1_ER_IRQHandler
                0x08002368                DMA2_Stream6_IRQHandler
                0x08002368                DMA1_Stream3_IRQHandler
 *fill*         0x0800236a        0x2 
 .text.__errno  0x0800236c        0xc c:/tt/truestudio for stm32 9.3.0/armtools/bin/../lib/gcc/arm-atollic-eabi/6.3.1/../../../../arm-atollic-eabi/lib/armv7e-m/fpu\libc_nano.a(lib_a-errno.o)
                0x0800236c                __errno
 .text.__libc_init_array
                0x08002378       0x48 c:/tt/truestudio for stm32 9.3.0/armtools/bin/../lib/gcc/arm-atollic-eabi/6.3.1/../../../../arm-atollic-eabi/lib/armv7e-m/fpu\libc_nano.a(lib_a-init.o)
                0x08002378                __libc_init_array
 .text.memset   0x080023c0       0x10 c:/tt/truestudio for stm32 9.3.0/armtools/bin/../lib/gcc/arm-atollic-eabi/6.3.1/../../../../arm-atollic-eabi/lib/armv7e-m/fpu\libc_nano.a(lib_a-memset.o)
                0x080023c0                memset
 .text.sqrtf    0x080023d0       0xa0 c:/tt/truestudio for stm32 9.3.0/armtools/bin/../lib/gcc/arm-atollic-eabi/6.3.1/../../../../arm-atollic-eabi/lib/armv7e-m/fpu\libm.a(lib_a-wf_sqrt.o)
                0x080023d0                sqrtf
 .text.__ieee754_sqrtf
                0x08002470       0x8e c:/tt/truestudio for stm32 9.3.0/armtools/bin/../lib/gcc/arm-atollic-eabi/6.3.1/../../../../arm-atollic-eabi/lib/armv7e-m/fpu\libm.a(lib_a-ef_sqrt.o)
                0x08002470                __ieee754_sqrtf
 .text.matherr  0x080024fe        0x4 c:/tt/truestudio for stm32 9.3.0/armtools/bin/../lib/gcc/arm-atollic-eabi/6.3.1/../../../../arm-atollic-eabi/lib/armv7e-m/fpu\libm.a(lib_a-s_matherr.o)
                0x080024fe                matherr
 *(.glue_7)
 .glue_7        0x08002502        0x0 linker stubs
 *(.glue_7t)
 .glue_7t       0x08002502        0x0 linker stubs
 *(.eh_frame)
 *fill*         0x08002502        0x2 
 .eh_frame      0x08002504        0x0 c:/tt/truestudio for stm32 9.3.0/armtools/bin/../lib/gcc/arm-atollic-eabi/6.3.1/armv7e-m/fpu/crtbegin.o
 *(.init)
 .init          0x08002504        0x4 c:/tt/truestudio for stm32 9.3.0/armtools/bin/../lib/gcc/arm-atollic-eabi/6.3.1/armv7e-m/fpu/crti.o
                0x08002504                _init
 .init          0x08002508        0x8 c:/tt/truestudio for stm32 9.3.0/armtools/bin/../lib/gcc/arm-atollic-eabi/6.3.1/armv7e-m/fpu/crtn.o
 *(.fini)
 .fini          0x08002510        0x4 c:/tt/truestudio for stm32 9.3.0/armtools/bin/../lib/gcc/arm-atollic-eabi/6.3.1/armv7e-m/fpu/crti.o
                0x08002510                _fini
 .fini          0x08002514        0x8 c:/tt/truestudio for stm32 9.3.0/armtools/bin/../lib/gcc/arm-atollic-eabi/6.3.1/armv7e-m/fpu/crtn.o
                0x0800251c                . = ALIGN (0x4)
                0x0800251c                _etext = .

.vfp11_veneer   0x0800251c        0x0
 .vfp11_veneer  0x0800251c        0x0 linker stubs

.v4_bx          0x0800251c        0x0
 .v4_bx         0x0800251c        0x0 linker stubs

.iplt           0x0800251c        0x0
 .iplt          0x0800251c        0x0 c:/tt/truestudio for stm32 9.3.0/armtools/bin/../lib/gcc/arm-atollic-eabi/6.3.1/armv7e-m/fpu/crtbegin.o

.rodata         0x0800251c     0x2e38
                0x0800251c                . = ALIGN (0x4)
 *(.rodata)
 *(.rodata*)
 .rodata.armBitRevIndexTable1024
                0x0800251c      0xe10 Inc\CommonTables\arm_common_tables.o
                0x0800251c                armBitRevIndexTable1024
 .rodata.twiddleCoef_1024
                0x0800332c     0x2000 Inc\CommonTables\arm_common_tables.o
                0x0800332c                twiddleCoef_1024
 .rodata.arm_cfft_sR_f32_len1024
                0x0800532c       0x10 Inc\CommonTables\arm_const_structs.o
                0x0800532c                arm_cfft_sR_f32_len1024
 .rodata.AHBPrescTable
                0x0800533c       0x10 Src\system_stm32f4xx.o
                0x0800533c                AHBPrescTable
 .rodata.sqrtf.str1.1
                0x0800534c        0x6 c:/tt/truestudio for stm32 9.3.0/armtools/bin/../lib/gcc/arm-atollic-eabi/6.3.1/../../../../arm-atollic-eabi/lib/armv7e-m/fpu\libm.a(lib_a-wf_sqrt.o)
                0x08005354                . = ALIGN (0x4)
 *fill*         0x08005352        0x2 

.ARM.extab
 *(.ARM.extab* .gnu.linkonce.armextab.*)

.ARM            0x08005354        0x8
                0x08005354                __exidx_start = .
 *(.ARM.exidx*)
 .ARM.exidx     0x08005354        0x8 c:/tt/truestudio for stm32 9.3.0/armtools/bin/../lib/gcc/arm-atollic-eabi/6.3.1/armv7e-m/fpu\libgcc.a(_udivmoddi4.o)
                0x0800535c                __exidx_end = .

.rel.dyn        0x0800535c        0x0
 .rel.iplt      0x0800535c        0x0 c:/tt/truestudio for stm32 9.3.0/armtools/bin/../lib/gcc/arm-atollic-eabi/6.3.1/armv7e-m/fpu/crtbegin.o

.preinit_array  0x0800535c        0x0
                0x0800535c                PROVIDE (__preinit_array_start, .)
 *(.preinit_array*)
                0x0800535c                PROVIDE (__preinit_array_end, .)

.init_array     0x0800535c        0x4
                0x0800535c                PROVIDE (__init_array_start, .)
 *(SORT(.init_array.*))
 *(.init_array*)
 .init_array    0x0800535c        0x4 c:/tt/truestudio for stm32 9.3.0/armtools/bin/../lib/gcc/arm-atollic-eabi/6.3.1/armv7e-m/fpu/crtbegin.o
                0x08005360                PROVIDE (__init_array_end, .)

.fini_array     0x08005360        0x4
                [!provide]                PROVIDE (__fini_array_start, .)
 *(SORT(.fini_array.*))
 *(.fini_array*)
 .fini_array    0x08005360        0x4 c:/tt/truestudio for stm32 9.3.0/armtools/bin/../lib/gcc/arm-atollic-eabi/6.3.1/armv7e-m/fpu/crtbegin.o
                [!provide]                PROVIDE (__fini_array_end, .)
                0x08005364                _sidata = LOADADDR (.data)

.data           0x20000000     0x2080 load address 0x08005364
                0x20000000                . = ALIGN (0x4)
                0x20000000                _sdata = .
 *(.data)
 *(.data*)
 .data.uwTickFreq
                0x20000000        0x1 Drivers\STM32F4xx_HAL_Driver\Src\stm32f4xx_hal.o
                0x20000000                uwTickFreq
 *fill*         0x20000001        0x3 
 .data.uwTickPrio
                0x20000004        0x4 Drivers\STM32F4xx_HAL_Driver\Src\stm32f4xx_hal.o
                0x20000004                uwTickPrio
 .data.testInput_f32_10khz
                0x20000008     0x2000 Src\arm_fft_bin_data.o
                0x20000008                testInput_f32_10khz
 .data.doBitReverse
                0x20002008        0x4 Src\main.o
                0x20002008                doBitReverse
 .data.fftSize  0x2000200c        0x4 Src\main.o
                0x2000200c                fftSize
 .data.refIndex
                0x20002010        0x4 Src\main.o
                0x20002010                refIndex
 .data.SystemCoreClock
                0x20002014        0x4 Src\system_stm32f4xx.o
                0x20002014                SystemCoreClock
 .data._impure_ptr
                0x20002018        0x4 c:/tt/truestudio for stm32 9.3.0/armtools/bin/../lib/gcc/arm-atollic-eabi/6.3.1/../../../../arm-atollic-eabi/lib/armv7e-m/fpu\libc_nano.a(lib_a-impure.o)
                0x20002018                _impure_ptr
 .data.impure_data
                0x2000201c       0x60 c:/tt/truestudio for stm32 9.3.0/armtools/bin/../lib/gcc/arm-atollic-eabi/6.3.1/../../../../arm-atollic-eabi/lib/armv7e-m/fpu\libc_nano.a(lib_a-impure.o)
 .data.__fdlib_version
                0x2000207c        0x1 c:/tt/truestudio for stm32 9.3.0/armtools/bin/../lib/gcc/arm-atollic-eabi/6.3.1/../../../../arm-atollic-eabi/lib/armv7e-m/fpu\libm.a(lib_a-s_lib_ver.o)
                0x2000207c                __fdlib_version
                0x20002080                . = ALIGN (0x4)
 *fill*         0x2000207d        0x3 
                0x20002080                _edata = .
                0x080073e4                _siccmram = LOADADDR (.ccmram)

.igot.plt       0x20002080        0x0 load address 0x080073e4
 .igot.plt      0x20002080        0x0 c:/tt/truestudio for stm32 9.3.0/armtools/bin/../lib/gcc/arm-atollic-eabi/6.3.1/armv7e-m/fpu/crtbegin.o

.ccmram         0x10000000        0x0 load address 0x080073e4
                0x10000000                . = ALIGN (0x4)
                0x10000000                _sccmram = .
 *(.ccmram)
 *(.ccmram*)
                0x10000000                . = ALIGN (0x4)
                0x10000000                _eccmram = .
                0x10000000                . = ALIGN (0x4)

.bss            0x20002080     0x1028
                0x20002080                _sbss = .
                0x20002080                __bss_start__ = _sbss
 *(.bss)
 .bss           0x20002080       0x1c c:/tt/truestudio for stm32 9.3.0/armtools/bin/../lib/gcc/arm-atollic-eabi/6.3.1/armv7e-m/fpu/crtbegin.o
 *(.bss*)
 .bss.ifftFlag  0x2000209c        0x4 Src\main.o
                0x2000209c                ifftFlag
 .bss.testIndex
                0x200020a0        0x4 Src\main.o
                0x200020a0                testIndex
 .bss.testOutput
                0x200020a4     0x1000 Src\main.o
 *(COMMON)
 COMMON         0x200030a4        0x4 Drivers\STM32F4xx_HAL_Driver\Src\stm32f4xx_hal.o
                0x200030a4                uwTick
                0x200030a8                . = ALIGN (0x4)
                0x200030a8                _ebss = .
                0x200030a8                __bss_end__ = _ebss

._user_heap_stack
                0x200030a8      0x600
                0x200030a8                . = ALIGN (0x4)
                0x200030a8                PROVIDE (end, .)
                [!provide]                PROVIDE (_end, .)
                0x200032a8                . = (. + _Min_Heap_Size)
 *fill*         0x200030a8      0x200 
                0x200036a8                . = (. + _Min_Stack_Size)
 *fill*         0x200032a8      0x400 
                0x200036a8                . = ALIGN (0x4)

/DISCARD/
 libc.a(*)
 libm.a(*)
 libgcc.a(*)

.ARM.attributes
                0x00000000       0x30
 *(.ARM.attributes)
 .ARM.attributes
                0x00000000       0x22 c:/tt/truestudio for stm32 9.3.0/armtools/bin/../lib/gcc/arm-atollic-eabi/6.3.1/armv7e-m/fpu/crti.o
 .ARM.attributes
                0x00000022       0x34 c:/tt/truestudio for stm32 9.3.0/armtools/bin/../lib/gcc/arm-atollic-eabi/6.3.1/armv7e-m/fpu/crtbegin.o
 .ARM.attributes
                0x00000056       0x39 Drivers\STM32F4xx_HAL_Driver\Src\stm32f4xx_hal.o
 .ARM.attributes
                0x0000008f       0x39 Drivers\STM32F4xx_HAL_Driver\Src\stm32f4xx_hal_cortex.o
 .ARM.attributes
                0x000000c8       0x39 Drivers\STM32F4xx_HAL_Driver\Src\stm32f4xx_hal_rcc.o
 .ARM.attributes
                0x00000101       0x39 Inc\CommonTables\arm_common_tables.o
 .ARM.attributes
                0x0000013a       0x39 Inc\CommonTables\arm_const_structs.o
 .ARM.attributes
                0x00000173       0x39 Inc\ComplexMathFunctions\arm_cmplx_mag_f32.o
 .ARM.attributes
                0x000001ac       0x39 Inc\StatisticsFunctions\arm_max_f32.o
 .ARM.attributes
                0x000001e5       0x25 Inc\TransformFunctions\arm_bitreversal2.o
 .ARM.attributes
                0x0000020a       0x39 Inc\TransformFunctions\arm_cfft_f32.o
 .ARM.attributes
                0x00000243       0x39 Inc\TransformFunctions\arm_cfft_radix8_f32.o
 .ARM.attributes
                0x0000027c       0x39 Src\arm_fft_bin_data.o
 .ARM.attributes
                0x000002b5       0x39 Src\main.o
 .ARM.attributes
                0x000002ee       0x39 Src\stm32f4xx_hal_msp.o
 .ARM.attributes
                0x00000327       0x39 Src\stm32f4xx_it.o
 .ARM.attributes
                0x00000360       0x39 Src\system_stm32f4xx.o
 .ARM.attributes
                0x00000399       0x21 startup\startup_stm32f407xx.o
 .ARM.attributes
                0x000003ba       0x34 c:/tt/truestudio for stm32 9.3.0/armtools/bin/../lib/gcc/arm-atollic-eabi/6.3.1/../../../../arm-atollic-eabi/lib/armv7e-m/fpu\libc_nano.a(lib_a-errno.o)
 .ARM.attributes
                0x000003ee       0x34 c:/tt/truestudio for stm32 9.3.0/armtools/bin/../lib/gcc/arm-atollic-eabi/6.3.1/../../../../arm-atollic-eabi/lib/armv7e-m/fpu\libc_nano.a(lib_a-impure.o)
 .ARM.attributes
                0x00000422       0x34 c:/tt/truestudio for stm32 9.3.0/armtools/bin/../lib/gcc/arm-atollic-eabi/6.3.1/../../../../arm-atollic-eabi/lib/armv7e-m/fpu\libc_nano.a(lib_a-init.o)
 .ARM.attributes
                0x00000456       0x34 c:/tt/truestudio for stm32 9.3.0/armtools/bin/../lib/gcc/arm-atollic-eabi/6.3.1/../../../../arm-atollic-eabi/lib/armv7e-m/fpu\libc_nano.a(lib_a-memset.o)
 .ARM.attributes
                0x0000048a       0x34 c:/tt/truestudio for stm32 9.3.0/armtools/bin/../lib/gcc/arm-atollic-eabi/6.3.1/../../../../arm-atollic-eabi/lib/armv7e-m/fpu\libm.a(lib_a-wf_sqrt.o)
 .ARM.attributes
                0x000004be       0x34 c:/tt/truestudio for stm32 9.3.0/armtools/bin/../lib/gcc/arm-atollic-eabi/6.3.1/../../../../arm-atollic-eabi/lib/armv7e-m/fpu\libm.a(lib_a-ef_sqrt.o)
 .ARM.attributes
                0x000004f2       0x34 c:/tt/truestudio for stm32 9.3.0/armtools/bin/../lib/gcc/arm-atollic-eabi/6.3.1/../../../../arm-atollic-eabi/lib/armv7e-m/fpu\libm.a(lib_a-s_lib_ver.o)
 .ARM.attributes
                0x00000526       0x34 c:/tt/truestudio for stm32 9.3.0/armtools/bin/../lib/gcc/arm-atollic-eabi/6.3.1/../../../../arm-atollic-eabi/lib/armv7e-m/fpu\libm.a(lib_a-s_matherr.o)
 .ARM.attributes
                0x0000055a       0x22 c:/tt/truestudio for stm32 9.3.0/armtools/bin/../lib/gcc/arm-atollic-eabi/6.3.1/armv7e-m/fpu\libgcc.a(_arm_addsubdf3.o)
 .ARM.attributes
                0x0000057c       0x22 c:/tt/truestudio for stm32 9.3.0/armtools/bin/../lib/gcc/arm-atollic-eabi/6.3.1/armv7e-m/fpu\libgcc.a(_arm_muldivdf3.o)
 .ARM.attributes
                0x0000059e       0x22 c:/tt/truestudio for stm32 9.3.0/armtools/bin/../lib/gcc/arm-atollic-eabi/6.3.1/armv7e-m/fpu\libgcc.a(_arm_truncdfsf2.o)
 .ARM.attributes
                0x000005c0       0x22 c:/tt/truestudio for stm32 9.3.0/armtools/bin/../lib/gcc/arm-atollic-eabi/6.3.1/armv7e-m/fpu\libgcc.a(_aeabi_uldivmod.o)
 .ARM.attributes
                0x000005e2       0x34 c:/tt/truestudio for stm32 9.3.0/armtools/bin/../lib/gcc/arm-atollic-eabi/6.3.1/armv7e-m/fpu\libgcc.a(_udivmoddi4.o)
 .ARM.attributes
                0x00000616       0x22 c:/tt/truestudio for stm32 9.3.0/armtools/bin/../lib/gcc/arm-atollic-eabi/6.3.1/armv7e-m/fpu\libgcc.a(_dvmd_tls.o)
 .ARM.attributes
                0x00000638       0x22 c:/tt/truestudio for stm32 9.3.0/armtools/bin/../lib/gcc/arm-atollic-eabi/6.3.1/armv7e-m/fpu/crtn.o
OUTPUT(ADD_CMSIS_TEST.elf elf32-littlearm)

.debug_info     0x00000000     0xac43
 .debug_info    0x00000000      0x9ef Drivers\STM32F4xx_HAL_Driver\Src\stm32f4xx_hal.o
 .debug_info    0x000009ef      0xf32 Drivers\STM32F4xx_HAL_Driver\Src\stm32f4xx_hal_cortex.o
 .debug_info    0x00001921      0xa57 Drivers\STM32F4xx_HAL_Driver\Src\stm32f4xx_hal_rcc.o
 .debug_info    0x00002378     0x1322 Inc\CommonTables\arm_common_tables.o
 .debug_info    0x0000369a     0x1378 Inc\CommonTables\arm_const_structs.o
 .debug_info    0x00004a12      0xa69 Inc\ComplexMathFunctions\arm_cmplx_mag_f32.o
 .debug_info    0x0000547b      0x9a4 Inc\StatisticsFunctions\arm_max_f32.o
 .debug_info    0x00005e1f       0x94 Inc\TransformFunctions\arm_bitreversal2.o
 .debug_info    0x00005eb3     0x1599 Inc\TransformFunctions\arm_cfft_f32.o
 .debug_info    0x0000744c      0xc4f Inc\TransformFunctions\arm_cfft_radix8_f32.o
 .debug_info    0x0000809b      0x8f6 Src\arm_fft_bin_data.o
 .debug_info    0x00008991     0x185a Src\main.o
 .debug_info    0x0000a1eb      0x313 Src\stm32f4xx_hal_msp.o
 .debug_info    0x0000a4fe      0x1b7 Src\stm32f4xx_it.o
 .debug_info    0x0000a6b5      0x50a Src\system_stm32f4xx.o
 .debug_info    0x0000abbf       0x84 startup\startup_stm32f407xx.o

.debug_abbrev   0x00000000     0x1ac8
 .debug_abbrev  0x00000000      0x23d Drivers\STM32F4xx_HAL_Driver\Src\stm32f4xx_hal.o
 .debug_abbrev  0x0000023d      0x302 Drivers\STM32F4xx_HAL_Driver\Src\stm32f4xx_hal_cortex.o
 .debug_abbrev  0x0000053f      0x2cb Drivers\STM32F4xx_HAL_Driver\Src\stm32f4xx_hal_rcc.o
 .debug_abbrev  0x0000080a      0x19b Inc\CommonTables\arm_common_tables.o
 .debug_abbrev  0x000009a5      0x19b Inc\CommonTables\arm_const_structs.o
 .debug_abbrev  0x00000b40      0x221 Inc\ComplexMathFunctions\arm_cmplx_mag_f32.o
 .debug_abbrev  0x00000d61      0x1c1 Inc\StatisticsFunctions\arm_max_f32.o
 .debug_abbrev  0x00000f22       0x14 Inc\TransformFunctions\arm_bitreversal2.o
 .debug_abbrev  0x00000f36      0x290 Inc\TransformFunctions\arm_cfft_f32.o
 .debug_abbrev  0x000011c6      0x1cc Inc\TransformFunctions\arm_cfft_radix8_f32.o
 .debug_abbrev  0x00001392      0x181 Src\arm_fft_bin_data.o
 .debug_abbrev  0x00001513      0x2af Src\main.o
 .debug_abbrev  0x000017c2       0xec Src\stm32f4xx_hal_msp.o
 .debug_abbrev  0x000018ae       0xfa Src\stm32f4xx_it.o
 .debug_abbrev  0x000019a8      0x10e Src\system_stm32f4xx.o
 .debug_abbrev  0x00001ab6       0x12 startup\startup_stm32f407xx.o

.debug_loc      0x00000000     0x30ad
 .debug_loc     0x00000000      0x11b Drivers\STM32F4xx_HAL_Driver\Src\stm32f4xx_hal.o
 .debug_loc     0x0000011b      0x4fb Drivers\STM32F4xx_HAL_Driver\Src\stm32f4xx_hal_cortex.o
 .debug_loc     0x00000616      0x336 Drivers\STM32F4xx_HAL_Driver\Src\stm32f4xx_hal_rcc.o
 .debug_loc     0x0000094c      0x2e0 Inc\ComplexMathFunctions\arm_cmplx_mag_f32.o
 .debug_loc     0x00000c2c      0x21c Inc\StatisticsFunctions\arm_max_f32.o
 .debug_loc     0x00000e48     0x15d8 Inc\TransformFunctions\arm_cfft_f32.o
 .debug_loc     0x00002420      0xb71 Inc\TransformFunctions\arm_cfft_radix8_f32.o
 .debug_loc     0x00002f91      0x11c Src\system_stm32f4xx.o

.debug_aranges  0x00000000      0x400
 .debug_aranges
                0x00000000       0xe8 Drivers\STM32F4xx_HAL_Driver\Src\stm32f4xx_hal.o
 .debug_aranges
                0x000000e8       0xa8 Drivers\STM32F4xx_HAL_Driver\Src\stm32f4xx_hal_cortex.o
 .debug_aranges
                0x00000190       0x88 Drivers\STM32F4xx_HAL_Driver\Src\stm32f4xx_hal_rcc.o
 .debug_aranges
                0x00000218       0x18 Inc\CommonTables\arm_common_tables.o
 .debug_aranges
                0x00000230       0x18 Inc\CommonTables\arm_const_structs.o
 .debug_aranges
                0x00000248       0x28 Inc\ComplexMathFunctions\arm_cmplx_mag_f32.o
 .debug_aranges
                0x00000270       0x20 Inc\StatisticsFunctions\arm_max_f32.o
 .debug_aranges
                0x00000290       0x20 Inc\TransformFunctions\arm_bitreversal2.o
 .debug_aranges
                0x000002b0       0x30 Inc\TransformFunctions\arm_cfft_f32.o
 .debug_aranges
                0x000002e0       0x20 Inc\TransformFunctions\arm_cfft_radix8_f32.o
 .debug_aranges
                0x00000300       0x18 Src\arm_fft_bin_data.o
 .debug_aranges
                0x00000318       0x30 Src\main.o
 .debug_aranges
                0x00000348       0x20 Src\stm32f4xx_hal_msp.o
 .debug_aranges
                0x00000368       0x48 Src\stm32f4xx_it.o
 .debug_aranges
                0x000003b0       0x28 Src\system_stm32f4xx.o
 .debug_aranges
                0x000003d8       0x28 startup\startup_stm32f407xx.o

.debug_ranges   0x00000000      0x3d0
 .debug_ranges  0x00000000       0xd8 Drivers\STM32F4xx_HAL_Driver\Src\stm32f4xx_hal.o
 .debug_ranges  0x000000d8      0x138 Drivers\STM32F4xx_HAL_Driver\Src\stm32f4xx_hal_cortex.o
 .debug_ranges  0x00000210       0xb0 Drivers\STM32F4xx_HAL_Driver\Src\stm32f4xx_hal_rcc.o
 .debug_ranges  0x000002c0       0x18 Inc\ComplexMathFunctions\arm_cmplx_mag_f32.o
 .debug_ranges  0x000002d8       0x10 Inc\StatisticsFunctions\arm_max_f32.o
 .debug_ranges  0x000002e8       0x20 Inc\TransformFunctions\arm_cfft_f32.o
 .debug_ranges  0x00000308       0x10 Inc\TransformFunctions\arm_cfft_radix8_f32.o
 .debug_ranges  0x00000318       0x38 Src\main.o
 .debug_ranges  0x00000350       0x10 Src\stm32f4xx_hal_msp.o
 .debug_ranges  0x00000360       0x38 Src\stm32f4xx_it.o
 .debug_ranges  0x00000398       0x18 Src\system_stm32f4xx.o
 .debug_ranges  0x000003b0       0x20 startup\startup_stm32f407xx.o

.debug_line     0x00000000     0x2d5a
 .debug_line    0x00000000      0x3e9 Drivers\STM32F4xx_HAL_Driver\Src\stm32f4xx_hal.o
 .debug_line    0x000003e9      0x413 Drivers\STM32F4xx_HAL_Driver\Src\stm32f4xx_hal_cortex.o
 .debug_line    0x000007fc      0x4c2 Drivers\STM32F4xx_HAL_Driver\Src\stm32f4xx_hal_rcc.o
 .debug_line    0x00000cbe      0x204 Inc\CommonTables\arm_common_tables.o
 .debug_line    0x00000ec2      0x21b Inc\CommonTables\arm_const_structs.o
 .debug_line    0x000010dd      0x257 Inc\ComplexMathFunctions\arm_cmplx_mag_f32.o
 .debug_line    0x00001334      0x22f Inc\StatisticsFunctions\arm_max_f32.o
 .debug_line    0x00001563       0x9c Inc\TransformFunctions\arm_bitreversal2.o
 .debug_line    0x000015ff      0x6f4 Inc\TransformFunctions\arm_cfft_f32.o
 .debug_line    0x00001cf3      0x620 Inc\TransformFunctions\arm_cfft_radix8_f32.o
 .debug_line    0x00002313      0x173 Src\arm_fft_bin_data.o
 .debug_line    0x00002486      0x342 Src\main.o
 .debug_line    0x000027c8      0x17c Src\stm32f4xx_hal_msp.o
 .debug_line    0x00002944      0x1eb Src\stm32f4xx_it.o
 .debug_line    0x00002b2f      0x1ac Src\system_stm32f4xx.o
 .debug_line    0x00002cdb       0x7f startup\startup_stm32f407xx.o

.debug_str      0x00000000     0x2397
 .debug_str     0x00000000      0xb58 Drivers\STM32F4xx_HAL_Driver\Src\stm32f4xx_hal.o
                                0xbc1 (size before relaxing)
 .debug_str     0x00000b58      0x3dc Drivers\STM32F4xx_HAL_Driver\Src\stm32f4xx_hal_cortex.o
                                0xc7c (size before relaxing)
 .debug_str     0x00000f34      0x361 Drivers\STM32F4xx_HAL_Driver\Src\stm32f4xx_hal_rcc.o
                                0x725 (size before relaxing)
 .debug_str     0x00001295      0x963 Inc\CommonTables\arm_common_tables.o
                                0xb74 (size before relaxing)
 .debug_str     0x00001bf8      0x301 Inc\CommonTables\arm_const_structs.o
                                0xe4d (size before relaxing)
 .debug_str     0x00001ef9      0x127 Inc\ComplexMathFunctions\arm_cmplx_mag_f32.o
                                0x773 (size before relaxing)
 .debug_str     0x00002020       0x67 Inc\StatisticsFunctions\arm_max_f32.o
                                0x6bf (size before relaxing)
 .debug_str     0x00002087      0x11e Inc\TransformFunctions\arm_cfft_f32.o
                                0xcd5 (size before relaxing)
 .debug_str     0x000021a5       0x47 Inc\TransformFunctions\arm_cfft_radix8_f32.o
                                0x6c6 (size before relaxing)
 .debug_str     0x000021ec       0x2e Src\arm_fft_bin_data.o
                                0x660 (size before relaxing)
 .debug_str     0x0000221a       0x77 Src\main.o
                               0x1255 (size before relaxing)
 .debug_str     0x00002291       0x1b Src\stm32f4xx_hal_msp.o
                                0x33a (size before relaxing)
 .debug_str     0x000022ac       0xa6 Src\stm32f4xx_it.o
                                0x2c2 (size before relaxing)
 .debug_str     0x00002352       0x45 Src\system_stm32f4xx.o
                                0x3b6 (size before relaxing)

.comment        0x00000000       0x7c
 .comment       0x00000000       0x7c Drivers\STM32F4xx_HAL_Driver\Src\stm32f4xx_hal.o
                                 0x7d (size before relaxing)
 .comment       0x0000007c       0x7d Drivers\STM32F4xx_HAL_Driver\Src\stm32f4xx_hal_cortex.o
 .comment       0x0000007c       0x7d Drivers\STM32F4xx_HAL_Driver\Src\stm32f4xx_hal_rcc.o
 .comment       0x0000007c       0x7d Inc\CommonTables\arm_common_tables.o
 .comment       0x0000007c       0x7d Inc\CommonTables\arm_const_structs.o
 .comment       0x0000007c       0x7d Inc\ComplexMathFunctions\arm_cmplx_mag_f32.o
 .comment       0x0000007c       0x7d Inc\StatisticsFunctions\arm_max_f32.o
 .comment       0x0000007c       0x7d Inc\TransformFunctions\arm_cfft_f32.o
 .comment       0x0000007c       0x7d Inc\TransformFunctions\arm_cfft_radix8_f32.o
 .comment       0x0000007c       0x7d Src\arm_fft_bin_data.o
 .comment       0x0000007c       0x7d Src\main.o
 .comment       0x0000007c       0x7d Src\stm32f4xx_hal_msp.o
 .comment       0x0000007c       0x7d Src\stm32f4xx_it.o
 .comment       0x0000007c       0x7d Src\system_stm32f4xx.o

.debug_frame    0x00000000      0xa38
 .debug_frame   0x00000000      0x1f0 Drivers\STM32F4xx_HAL_Driver\Src\stm32f4xx_hal.o
 .debug_frame   0x000001f0      0x158 Drivers\STM32F4xx_HAL_Driver\Src\stm32f4xx_hal_cortex.o
 .debug_frame   0x00000348      0x13c Drivers\STM32F4xx_HAL_Driver\Src\stm32f4xx_hal_rcc.o
 .debug_frame   0x00000484       0x50 Inc\ComplexMathFunctions\arm_cmplx_mag_f32.o
 .debug_frame   0x000004d4       0x30 Inc\StatisticsFunctions\arm_max_f32.o
 .debug_frame   0x00000504       0xcc Inc\TransformFunctions\arm_cfft_f32.o
 .debug_frame   0x000005d0       0x94 Inc\TransformFunctions\arm_cfft_radix8_f32.o
 .debug_frame   0x00000664       0x5c Src\main.o
 .debug_frame   0x000006c0       0x28 Src\stm32f4xx_hal_msp.o
 .debug_frame   0x000006e8       0xa0 Src\stm32f4xx_it.o
 .debug_frame   0x00000788       0x38 Src\system_stm32f4xx.o
 .debug_frame   0x000007c0       0x20 c:/tt/truestudio for stm32 9.3.0/armtools/bin/../lib/gcc/arm-atollic-eabi/6.3.1/../../../../arm-atollic-eabi/lib/armv7e-m/fpu\libc_nano.a(lib_a-errno.o)
 .debug_frame   0x000007e0       0x2c c:/tt/truestudio for stm32 9.3.0/armtools/bin/../lib/gcc/arm-atollic-eabi/6.3.1/../../../../arm-atollic-eabi/lib/armv7e-m/fpu\libc_nano.a(lib_a-init.o)
 .debug_frame   0x0000080c       0x20 c:/tt/truestudio for stm32 9.3.0/armtools/bin/../lib/gcc/arm-atollic-eabi/6.3.1/../../../../arm-atollic-eabi/lib/armv7e-m/fpu\libc_nano.a(lib_a-memset.o)
 .debug_frame   0x0000082c       0x40 c:/tt/truestudio for stm32 9.3.0/armtools/bin/../lib/gcc/arm-atollic-eabi/6.3.1/../../../../arm-atollic-eabi/lib/armv7e-m/fpu\libm.a(lib_a-wf_sqrt.o)
 .debug_frame   0x0000086c       0x2c c:/tt/truestudio for stm32 9.3.0/armtools/bin/../lib/gcc/arm-atollic-eabi/6.3.1/../../../../arm-atollic-eabi/lib/armv7e-m/fpu\libm.a(lib_a-ef_sqrt.o)
 .debug_frame   0x00000898       0x20 c:/tt/truestudio for stm32 9.3.0/armtools/bin/../lib/gcc/arm-atollic-eabi/6.3.1/../../../../arm-atollic-eabi/lib/armv7e-m/fpu\libm.a(lib_a-s_matherr.o)
 .debug_frame   0x000008b8       0xac c:/tt/truestudio for stm32 9.3.0/armtools/bin/../lib/gcc/arm-atollic-eabi/6.3.1/armv7e-m/fpu\libgcc.a(_arm_addsubdf3.o)
 .debug_frame   0x00000964       0x50 c:/tt/truestudio for stm32 9.3.0/armtools/bin/../lib/gcc/arm-atollic-eabi/6.3.1/armv7e-m/fpu\libgcc.a(_arm_muldivdf3.o)
 .debug_frame   0x000009b4       0x24 c:/tt/truestudio for stm32 9.3.0/armtools/bin/../lib/gcc/arm-atollic-eabi/6.3.1/armv7e-m/fpu\libgcc.a(_arm_truncdfsf2.o)
 .debug_frame   0x000009d8       0x2c c:/tt/truestudio for stm32 9.3.0/armtools/bin/../lib/gcc/arm-atollic-eabi/6.3.1/armv7e-m/fpu\libgcc.a(_aeabi_uldivmod.o)
 .debug_frame   0x00000a04       0x34 c:/tt/truestudio for stm32 9.3.0/armtools/bin/../lib/gcc/arm-atollic-eabi/6.3.1/armv7e-m/fpu\libgcc.a(_udivmoddi4.o)
